******************************************************************************
             TMS320C2000 Linker PC v5.2.1                      
******************************************************************************
>> Linked Thu Aug 07 13:54:45 2014

OUTPUT FILE NAME:   <./Debug/GPIOLed01.out>
ENTRY POINT SYMBOL: "_c_int00"  address: 003f614a


MEMORY CONFIGURATION

         name            origin    length      used     unused   attr    fill
----------------------  --------  ---------  --------  --------  ----  --------
PAGE 0:
  OTP                   003d7800   00000800  00000000  00000800  RWIX
  FLASHJ                003d8000   00002000  00000015  00001feb  RWIX
  FLASHI                003da000   00002000  00000000  00002000  RWIX
  FLASHH                003dc000   00004000  00000000  00004000  RWIX
  FLASHG                003e0000   00004000  00000000  00004000  RWIX
  FLASHF                003e4000   00004000  00000000  00004000  RWIX
  FLASHE                003e8000   00004000  00000000  00004000  RWIX
  FLASHD                003ec000   00004000  00000000  00004000  RWIX
  FLASHC                003f0000   00004000  00000000  00004000  RWIX
  FLASHB                003f4000   00002000  00000100  00001f00  RWIX
  FLASHA                003f6000   00001ff6  000002fb  00001cfb  RWIX
  BEGIN                 003f7ff6   00000002  00000002  00000000  RWIX
  PASSWDS               003f7ff8   00000008  00000000  00000008  RWIX
  ROM                   003ff000   00000fc0  00000000  00000fc0  RWIX
  VECTORS               003fffc2   0000003e  00000000  0000003e  RWIX

PAGE 1:
  RAMM0M1               00000000   00000800  00000320  000004e0  RWIX
  DEV_EMU               00000880   00000180  000000d6  000000aa  RWIX
  FLASH_REGS            00000a80   00000060  00000008  00000058  RWIX
  CSM                   00000ae0   00000010  00000010  00000000  RWIX
  XINTF                 00000b20   00000020  00000020  00000000  RWIX
  CPU_TIMER0            00000c00   00000008  00000008  00000000  RWIX
  CPU_TIMER1            00000c08   00000008  00000008  00000000  RWIX
  CPU_TIMER2            00000c10   00000008  00000008  00000000  RWIX
  PIE_CTRL              00000ce0   00000020  0000001a  00000006  RWIX
  PIE_VECT              00000d00   00000100  00000100  00000000  RWIX
  ECAN_A                00006000   00000100  00000034  000000cc  RWIX
  ECAN_AMBOX            00006100   00000100  00000100  00000000  RWIX
  SYSTEM                00007010   00000020  00000020  00000000  RWIX
  SPI_A                 00007040   00000010  00000010  00000000  RWIX
  SCI_A                 00007050   00000010  00000010  00000000  RWIX
  XINTRUPT              00007070   00000010  00000010  00000000  RWIX
  GPIOMUX               000070c0   00000020  00000020  00000000  RWIX
  GPIODAT               000070e0   00000020  00000020  00000000  RWIX
  ADC                   00007100   00000020  0000001a  00000006  RWIX
  EV_A                  00007400   00000040  00000032  0000000e  RWIX
  EV_B                  00007500   00000040  00000032  0000000e  RWIX
  SPI_B                 00007740   00000010  00000000  00000010  RWIX
  SCI_B                 00007750   00000010  00000010  00000000  RWIX
  MCBSP_A               00007800   00000040  00000025  0000001b  RWIX
  RAML0L1               00008000   00002000  00000184  00001e7c  RWIX
  CSM_PWL               003f7ff8   00000008  00000008  00000000  RWIX
  RAMH0                 003f8000   00002000  00000000  00002000  RWIX


SECTION ALLOCATION MAP

 output                                  attributes/
section   page    origin      length       input sections
--------  ----  ----------  ----------   ----------------
.cinit     0    003d8000    00000015     
                  003d8000    0000000b     rts2800_fl040830.lib : exit.obj (.cinit)
                  003d800b    00000008                          : _lock.obj (.cinit)
                  003d8013    00000002     --HOLE-- [fill = 0]

.const     0    003f4000    00000000     RUN ADDR = 00008000

.econst    0    003f4000    00000100     RUN ADDR = 00008000
                  003f4000    00000100     DSP28_PieVect.obj (.econst)

.text      0    003f6000    000002fb     
                  003f6000    0000014a     DSP28_DefaultIsr.obj (.text)
                  003f614a    0000006a     rts2800_fl040830.lib : boot.obj (.text)
                  003f61b4    00000064     GPIOLed01.obj (.text)
                  003f6218    0000003e     rts2800_fl040830.lib : exit.obj (.text)
                  003f6256    00000036     DSP28_Gpio.obj (.text)
                  003f628c    00000026     DSP28_SysCtrl.obj (.text)
                  003f62b2    00000021     DSP28_PieCtrl.obj (.text)
                  003f62d3    00000020     DSP28_PieVect.obj (.text)
                  003f62f3    00000007     rts2800_fl040830.lib : _lock.obj (.text)
                  003f62fa    00000001     DSP28_InitPeripherals.obj (.text)

.reset     0    003f7ff6    00000002     
                  003f7ff6    00000002     rts2800_fl040830.lib : boot.obj (.reset)

.stack     1    00000000    00000320     UNINITIALIZED
                  00000000    00000320     --HOLE--

DevEmuRegsFile 
*          1    00000880    000000d6     UNINITIALIZED
                  00000880    000000d6     DSP28_GlobalVariableDefs.obj (DevEmuRegsFile)

FlashRegsFile 
*          1    00000a80    00000008     UNINITIALIZED
                  00000a80    00000008     DSP28_GlobalVariableDefs.obj (FlashRegsFile)

CsmRegsFile 
*          1    00000ae0    00000010     UNINITIALIZED
                  00000ae0    00000010     DSP28_GlobalVariableDefs.obj (CsmRegsFile)

XintfRegsFile 
*          1    00000b20    00000020     UNINITIALIZED
                  00000b20    00000020     DSP28_GlobalVariableDefs.obj (XintfRegsFile)

CpuTimer0RegsFile 
*          1    00000c00    00000008     UNINITIALIZED
                  00000c00    00000008     DSP28_GlobalVariableDefs.obj (CpuTimer0RegsFile)

CpuTimer1RegsFile 
*          1    00000c08    00000008     UNINITIALIZED
                  00000c08    00000008     DSP28_GlobalVariableDefs.obj (CpuTimer1RegsFile)

CpuTimer2RegsFile 
*          1    00000c10    00000008     UNINITIALIZED
                  00000c10    00000008     DSP28_GlobalVariableDefs.obj (CpuTimer2RegsFile)

PieCtrlRegsFile 
*          1    00000ce0    0000001a     UNINITIALIZED
                  00000ce0    0000001a     DSP28_GlobalVariableDefs.obj (PieCtrlRegsFile)

PieVectTable 
*          1    00000d00    00000100     UNINITIALIZED
                  00000d00    00000100     DSP28_GlobalVariableDefs.obj (PieVectTable)

ECanaRegsFile 
*          1    00006000    00000034     UNINITIALIZED
                  00006000    00000034     DSP28_GlobalVariableDefs.obj (ECanaRegsFile)

ECanaMboxesFile 
*          1    00006100    00000100     UNINITIALIZED
                  00006100    00000100     DSP28_GlobalVariableDefs.obj (ECanaMboxesFile)

SysCtrlRegsFile 
*          1    00007010    00000020     UNINITIALIZED
                  00007010    00000020     DSP28_GlobalVariableDefs.obj (SysCtrlRegsFile)

SpiaRegsFile 
*          1    00007040    00000010     UNINITIALIZED
                  00007040    00000010     DSP28_GlobalVariableDefs.obj (SpiaRegsFile)

SciaRegsFile 
*          1    00007050    00000010     UNINITIALIZED
                  00007050    00000010     DSP28_GlobalVariableDefs.obj (SciaRegsFile)

XIntruptRegsFile 
*          1    00007070    00000010     UNINITIALIZED
                  00007070    00000010     DSP28_GlobalVariableDefs.obj (XIntruptRegsFile)

GpioMuxRegsFile 
*          1    000070c0    00000020     UNINITIALIZED
                  000070c0    00000020     DSP28_GlobalVariableDefs.obj (GpioMuxRegsFile)

GpioDataRegsFile 
*          1    000070e0    00000020     UNINITIALIZED
                  000070e0    00000020     DSP28_GlobalVariableDefs.obj (GpioDataRegsFile)

AdcRegsFile 
*          1    00007100    0000001a     UNINITIALIZED
                  00007100    0000001a     DSP28_GlobalVariableDefs.obj (AdcRegsFile)

EvaRegsFile 
*          1    00007400    00000032     UNINITIALIZED
                  00007400    00000032     DSP28_GlobalVariableDefs.obj (EvaRegsFile)

EvbRegsFile 
*          1    00007500    00000032     UNINITIALIZED
                  00007500    00000032     DSP28_GlobalVariableDefs.obj (EvbRegsFile)

ScibRegsFile 
*          1    00007750    00000010     UNINITIALIZED
                  00007750    00000010     DSP28_GlobalVariableDefs.obj (ScibRegsFile)

McbspaRegsFile 
*          1    00007800    00000025     UNINITIALIZED
                  00007800    00000025     DSP28_GlobalVariableDefs.obj (McbspaRegsFile)

.bss       1    00008100    00000084     UNINITIALIZED
                  00008100    00000080     rts2800_fl040830.lib : exit.obj (.bss)
                  00008180    00000004                          : _lock.obj (.bss)

CsmPwlFile 
*          1    003f7ff8    00000008     UNINITIALIZED
                  003f7ff8    00000008     DSP28_GlobalVariableDefs.obj (CsmPwlFile)


GLOBAL SYMBOLS: SORTED ALPHABETICALLY BY Name 

address    name
--------   ----
00008100   .bss
003f6000   .text
003f6237   C$$EXIT
003f6069   _ADCINT_ISR
00007100   _AdcRegs
003f60b4   _CAPINT1_ISR
003f60b9   _CAPINT2_ISR
003f60be   _CAPINT3_ISR
003f60ff   _CAPINT4_ISR
003f6104   _CAPINT5_ISR
003f6109   _CAPINT6_ISR
003f607d   _CMP1INT_ISR
003f6082   _CMP2INT_ISR
003f6087   _CMP3INT_ISR
003f60c8   _CMP4INT_ISR
003f60cd   _CMP5INT_ISR
003f60d2   _CMP6INT_ISR
00000c00   _CpuTimer0Regs
00000c08   _CpuTimer1Regs
00000c10   _CpuTimer2Regs
003f7ff8   _CsmPwl
00000ae0   _CsmRegs
003f6019   _DATALOG_ISR
00000880   _DevEmuRegs
003f6136   _ECAN0INTA_ISR
003f613b   _ECAN1INTA_ISR
00006100   _ECanaMboxes
00006000   _ECanaRegs
003f6023   _EMUINT_ISR
00007400   _EvaRegs
00007500   _EvbRegs
00000a80   _FlashRegs
000070e0   _GpioDataRegs
000070c0   _GpioMuxRegs
003f6028   _ILLEGAL_ISR
003f6000   _INT13_ISR
003f6005   _INT14_ISR
003f6256   _InitGpio
003f62fa   _InitPeripherals
003f62b2   _InitPieCtrl
003f62d3   _InitPieVectTable
003f628c   _InitSysCtrl
003f610e   _MRINTA_ISR
003f6113   _MXINTA_ISR
00007800   _McbspaRegs
003f600a   _NMI_ISR
003f6078   _PDPINTA_ISR
003f60c3   _PDPINTB_ISR
003f6140   _PIE_RESERVED
00000ce0   _PieCtrl
00000d00   _PieVectTable
00008000   _PieVectTableInit
003f601e   _RTOSINT_ISR
003f6122   _SCIRXINTA_ISR
003f612c   _SCIRXINTB_ISR
003f6127   _SCITXINTA_ISR
003f6131   _SCITXINTB_ISR
003f6118   _SPIRXINTA_ISR
003f611d   _SPITXINTA_ISR
00007050   _SciaRegs
00007750   _ScibRegs
00007040   _SpiaRegs
00007010   _SysCtrlRegs
003f6091   _T1CINT_ISR
003f609b   _T1OFINT_ISR
003f608c   _T1PINT_ISR
003f6096   _T1UFINT_ISR
003f60a5   _T2CINT_ISR
003f60af   _T2OFINT_ISR
003f60a0   _T2PINT_ISR
003f60aa   _T2UFINT_ISR
003f60dc   _T3CINT_ISR
003f60e6   _T3OFINT_ISR
003f60d7   _T3PINT_ISR
003f60e1   _T3UFINT_ISR
003f60f0   _T4CINT_ISR
003f60fa   _T4OFINT_ISR
003f60eb   _T4PINT_ISR
003f60f5   _T4UFINT_ISR
003f606e   _TINT0_ISR
003f602d   _USER0_ISR
003f605f   _USER10_ISR
003f6064   _USER11_ISR
003f6032   _USER1_ISR
003f6037   _USER2_ISR
003f603c   _USER3_ISR
003f6041   _USER4_ISR
003f6046   _USER5_ISR
003f604b   _USER6_ISR
003f6050   _USER7_ISR
003f6055   _USER8_ISR
003f605a   _USER9_ISR
003f6073   _WAKEINT_ISR
003f600f   _XINT1_ISR
003f6014   _XINT2_ISR
00007070   _XIntruptRegs
00000b20   _XintfRegs
00000320   __STACK_END
00000320   __STACK_SIZE
ffffffff   ___binit__
00008100   ___bss__
ffffffff   ___c_args__
003d8000   ___cinit__
00008184   ___end__
003f62fb   ___etext__
ffffffff   ___pinit__
003f6000   ___text__
003f4000   __c_load
00008104   __cleanup_ptr
00000000   __const_length
00008000   __const_run
00008102   __dtors_ptr
003f4000   __ec_load
00000100   __econst_length
00008000   __econst_run
00008182   __lock
003f62f3   __nop
003f62f4   __register_lock
003f62f7   __register_unlock
00008180   __unlock
003f6255   _abort
003f6239   _atexit
003f614a   _c_int00
003f620d   _delay_loop
003f6218   _exit
003f61b4   _main
003f6145   _rsvd_ISR
ffffffff   binit
003d8000   cinit
00008184   end
003f62fb   etext
ffffffff   pinit


GLOBAL SYMBOLS: SORTED BY Symbol Address 

address    name
--------   ----
00000000   __const_length
00000100   __econst_length
00000320   __STACK_END
00000320   __STACK_SIZE
00000880   _DevEmuRegs
00000a80   _FlashRegs
00000ae0   _CsmRegs
00000b20   _XintfRegs
00000c00   _CpuTimer0Regs
00000c08   _CpuTimer1Regs
00000c10   _CpuTimer2Regs
00000ce0   _PieCtrl
00000d00   _PieVectTable
00006000   _ECanaRegs
00006100   _ECanaMboxes
00007010   _SysCtrlRegs
00007040   _SpiaRegs
00007050   _SciaRegs
00007070   _XIntruptRegs
000070c0   _GpioMuxRegs
000070e0   _GpioDataRegs
00007100   _AdcRegs
00007400   _EvaRegs
00007500   _EvbRegs
00007750   _ScibRegs
00007800   _McbspaRegs
00008000   _PieVectTableInit
00008000   __const_run
00008000   __econst_run
00008100   .bss
00008100   ___bss__
00008102   __dtors_ptr
00008104   __cleanup_ptr
00008180   __unlock
00008182   __lock
00008184   ___end__
00008184   end
003d8000   ___cinit__
003d8000   cinit
003f4000   __c_load
003f4000   __ec_load
003f6000   .text
003f6000   _INT13_ISR
003f6000   ___text__
003f6005   _INT14_ISR
003f600a   _NMI_ISR
003f600f   _XINT1_ISR
003f6014   _XINT2_ISR
003f6019   _DATALOG_ISR
003f601e   _RTOSINT_ISR
003f6023   _EMUINT_ISR
003f6028   _ILLEGAL_ISR
003f602d   _USER0_ISR
003f6032   _USER1_ISR
003f6037   _USER2_ISR
003f603c   _USER3_ISR
003f6041   _USER4_ISR
003f6046   _USER5_ISR
003f604b   _USER6_ISR
003f6050   _USER7_ISR
003f6055   _USER8_ISR
003f605a   _USER9_ISR
003f605f   _USER10_ISR
003f6064   _USER11_ISR
003f6069   _ADCINT_ISR
003f606e   _TINT0_ISR
003f6073   _WAKEINT_ISR
003f6078   _PDPINTA_ISR
003f607d   _CMP1INT_ISR
003f6082   _CMP2INT_ISR
003f6087   _CMP3INT_ISR
003f608c   _T1PINT_ISR
003f6091   _T1CINT_ISR
003f6096   _T1UFINT_ISR
003f609b   _T1OFINT_ISR
003f60a0   _T2PINT_ISR
003f60a5   _T2CINT_ISR
003f60aa   _T2UFINT_ISR
003f60af   _T2OFINT_ISR
003f60b4   _CAPINT1_ISR
003f60b9   _CAPINT2_ISR
003f60be   _CAPINT3_ISR
003f60c3   _PDPINTB_ISR
003f60c8   _CMP4INT_ISR
003f60cd   _CMP5INT_ISR
003f60d2   _CMP6INT_ISR
003f60d7   _T3PINT_ISR
003f60dc   _T3CINT_ISR
003f60e1   _T3UFINT_ISR
003f60e6   _T3OFINT_ISR
003f60eb   _T4PINT_ISR
003f60f0   _T4CINT_ISR
003f60f5   _T4UFINT_ISR
003f60fa   _T4OFINT_ISR
003f60ff   _CAPINT4_ISR
003f6104   _CAPINT5_ISR
003f6109   _CAPINT6_ISR
003f610e   _MRINTA_ISR
003f6113   _MXINTA_ISR
003f6118   _SPIRXINTA_ISR
003f611d   _SPITXINTA_ISR
003f6122   _SCIRXINTA_ISR
003f6127   _SCITXINTA_ISR
003f612c   _SCIRXINTB_ISR
003f6131   _SCITXINTB_ISR
003f6136   _ECAN0INTA_ISR
003f613b   _ECAN1INTA_ISR
003f6140   _PIE_RESERVED
003f6145   _rsvd_ISR
003f614a   _c_int00
003f61b4   _main
003f620d   _delay_loop
003f6218   _exit
003f6237   C$$EXIT
003f6239   _atexit
003f6255   _abort
003f6256   _InitGpio
003f628c   _InitSysCtrl
003f62b2   _InitPieCtrl
003f62d3   _InitPieVectTable
003f62f3   __nop
003f62f4   __register_lock
003f62f7   __register_unlock
003f62fa   _InitPeripherals
003f62fb   ___etext__
003f62fb   etext
003f7ff8   _CsmPwl
ffffffff   ___binit__
ffffffff   ___c_args__
ffffffff   ___pinit__
ffffffff   binit
ffffffff   pinit

[132 symbols]
