******************************************************************************
             TMS320C2000 Linker PC v5.2.1                      
******************************************************************************
>> Linked Fri Jan 09 10:52:39 2015

OUTPUT FILE NAME:   <./Release/GPIOLed01.out>
ENTRY POINT SYMBOL: "_c_int00"  address: 003f63e2


MEMORY CONFIGURATION

         name            origin    length      used     unused   attr    fill
----------------------  --------  ---------  --------  --------  ----  --------
PAGE 0:
  OTP                   003d7800   00000800  00000000  00000800  RWIX
  FLASHJ                003d8000   00002000  0000019d  00001e63  RWIX
  FLASHI                003da000   00002000  00000000  00002000  RWIX
  FLASHH                003dc000   00004000  00000000  00004000  RWIX
  FLASHG                003e0000   00004000  00000000  00004000  RWIX
  FLASHF                003e4000   00004000  00000000  00004000  RWIX
  FLASHE                003e8000   00004000  00000000  00004000  RWIX
  FLASHD                003ec000   00004000  00000000  00004000  RWIX
  FLASHC                003f0000   00004000  00000000  00004000  RWIX
  FLASHB                003f4000   00002000  00000100  00001f00  RWIX
  FLASHA                003f6000   00001ff6  00000583  00001a73  RWIX
  BEGIN                 003f7ff6   00000002  00000002  00000000  RWIX
  PASSWDS               003f7ff8   00000008  00000000  00000008  RWIX
  ROM                   003ff000   00000fc0  00000000  00000fc0  RWIX
  VECTORS               003fffc2   0000003e  00000000  0000003e  RWIX

PAGE 1:
  RAMM0M1               00000000   00000800  00000320  000004e0  RWIX
  DEV_EMU               00000880   00000180  000000d6  000000aa  RWIX
  FLASH_REGS            00000a80   00000060  00000008  00000058  RWIX
  CSM                   00000ae0   00000010  00000010  00000000  RWIX
  XINTF                 00000b20   00000020  00000020  00000000  RWIX
  CPU_TIMER0            00000c00   00000008  00000008  00000000  RWIX
  CPU_TIMER1            00000c08   00000008  00000008  00000000  RWIX
  CPU_TIMER2            00000c10   00000008  00000008  00000000  RWIX
  PIE_CTRL              00000ce0   00000020  0000001a  00000006  RWIX
  PIE_VECT              00000d00   00000100  00000100  00000000  RWIX
  ECAN_A                00006000   00000100  00000034  000000cc  RWIX
  ECAN_AMBOX            00006100   00000100  00000100  00000000  RWIX
  SYSTEM                00007010   00000020  00000020  00000000  RWIX
  SPI_A                 00007040   00000010  00000010  00000000  RWIX
  SCI_A                 00007050   00000010  00000010  00000000  RWIX
  XINTRUPT              00007070   00000010  00000010  00000000  RWIX
  GPIOMUX               000070c0   00000020  00000020  00000000  RWIX
  GPIODAT               000070e0   00000020  00000020  00000000  RWIX
  ADC                   00007100   00000020  0000001a  00000006  RWIX
  EV_A                  00007400   00000040  00000032  0000000e  RWIX
  EV_B                  00007500   00000040  00000032  0000000e  RWIX
  SPI_B                 00007740   00000010  00000000  00000010  RWIX
  SCI_B                 00007750   00000010  00000010  00000000  RWIX
  MCBSP_A               00007800   00000040  00000025  0000001b  RWIX
  RAML0L1               00008000   00002000  00000480  00001b80  RWIX
  CSM_PWL               003f7ff8   00000008  00000008  00000000  RWIX
  RAMH0                 003f8000   00002000  00000000  00002000  RWIX


SECTION ALLOCATION MAP

 output                                  attributes/
section   page    origin      length       input sections
--------  ----  ----------  ----------   ----------------
.cinit     0    003d8000    0000019d     
                  003d8000    00000188     GPIOLed01.obj (.cinit)
                  003d8188    0000000b     rts2800_fl040830.lib : exit.obj (.cinit)
                  003d8193    00000008                          : _lock.obj (.cinit)
                  003d819b    00000002     --HOLE-- [fill = 0]

.const     0    003f4000    00000000     RUN ADDR = 00008000

.econst    0    003f4000    00000100     RUN ADDR = 000082e4
                  003f4000    00000100     DSP28_PieVect.obj (.econst)

.text      0    003f6000    00000583     
                  003f6000    00000298     GPIOLed01.obj (.text)
                  003f6298    0000014a     DSP28_DefaultIsr.obj (.text)
                  003f63e2    0000006a     rts2800_fl040830.lib : boot.obj (.text)
                  003f644c    00000063     DSP28_Sci.obj (.text)
                  003f64af    0000003e     rts2800_fl040830.lib : exit.obj (.text)
                  003f64ed    0000002a     DSP28_SysCtrl.obj (.text)
                  003f6517    00000021     DSP28_PieCtrl.obj (.text)
                  003f6538    00000020     DSP28_PieVect.obj (.text)
                  003f6558    00000012     DSP28_Gpio.obj (.text)
                  003f656a    0000000f     rts2800_fl040830.lib : strstr.obj (.text)
                  003f6579    00000007                          : _lock.obj (.text)
                  003f6580    00000003     DSP28_InitPeripherals.obj (.text)

.reset     0    003f7ff6    00000002     
                  003f7ff6    00000002     rts2800_fl040830.lib : boot.obj (.reset)

.stack     1    00000000    00000320     UNINITIALIZED
                  00000000    00000320     --HOLE--

DevEmuRegsFile 
*          1    00000880    000000d6     UNINITIALIZED
                  00000880    000000d6     DSP28_GlobalVariableDefs.obj (DevEmuRegsFile)

FlashRegsFile 
*          1    00000a80    00000008     UNINITIALIZED
                  00000a80    00000008     DSP28_GlobalVariableDefs.obj (FlashRegsFile)

CsmRegsFile 
*          1    00000ae0    00000010     UNINITIALIZED
                  00000ae0    00000010     DSP28_GlobalVariableDefs.obj (CsmRegsFile)

XintfRegsFile 
*          1    00000b20    00000020     UNINITIALIZED
                  00000b20    00000020     DSP28_GlobalVariableDefs.obj (XintfRegsFile)

CpuTimer0RegsFile 
*          1    00000c00    00000008     UNINITIALIZED
                  00000c00    00000008     DSP28_GlobalVariableDefs.obj (CpuTimer0RegsFile)

CpuTimer1RegsFile 
*          1    00000c08    00000008     UNINITIALIZED
                  00000c08    00000008     DSP28_GlobalVariableDefs.obj (CpuTimer1RegsFile)

CpuTimer2RegsFile 
*          1    00000c10    00000008     UNINITIALIZED
                  00000c10    00000008     DSP28_GlobalVariableDefs.obj (CpuTimer2RegsFile)

PieCtrlRegsFile 
*          1    00000ce0    0000001a     UNINITIALIZED
                  00000ce0    0000001a     DSP28_GlobalVariableDefs.obj (PieCtrlRegsFile)

PieVectTable 
*          1    00000d00    00000100     UNINITIALIZED
                  00000d00    00000100     DSP28_GlobalVariableDefs.obj (PieVectTable)

ECanaRegsFile 
*          1    00006000    00000034     UNINITIALIZED
                  00006000    00000034     DSP28_GlobalVariableDefs.obj (ECanaRegsFile)

ECanaMboxesFile 
*          1    00006100    00000100     UNINITIALIZED
                  00006100    00000100     DSP28_GlobalVariableDefs.obj (ECanaMboxesFile)

SysCtrlRegsFile 
*          1    00007010    00000020     UNINITIALIZED
                  00007010    00000020     DSP28_GlobalVariableDefs.obj (SysCtrlRegsFile)

SpiaRegsFile 
*          1    00007040    00000010     UNINITIALIZED
                  00007040    00000010     DSP28_GlobalVariableDefs.obj (SpiaRegsFile)

SciaRegsFile 
*          1    00007050    00000010     UNINITIALIZED
                  00007050    00000010     DSP28_GlobalVariableDefs.obj (SciaRegsFile)

XIntruptRegsFile 
*          1    00007070    00000010     UNINITIALIZED
                  00007070    00000010     DSP28_GlobalVariableDefs.obj (XIntruptRegsFile)

GpioMuxRegsFile 
*          1    000070c0    00000020     UNINITIALIZED
                  000070c0    00000020     DSP28_GlobalVariableDefs.obj (GpioMuxRegsFile)

GpioDataRegsFile 
*          1    000070e0    00000020     UNINITIALIZED
                  000070e0    00000020     DSP28_GlobalVariableDefs.obj (GpioDataRegsFile)

AdcRegsFile 
*          1    00007100    0000001a     UNINITIALIZED
                  00007100    0000001a     DSP28_GlobalVariableDefs.obj (AdcRegsFile)

EvaRegsFile 
*          1    00007400    00000032     UNINITIALIZED
                  00007400    00000032     DSP28_GlobalVariableDefs.obj (EvaRegsFile)

EvbRegsFile 
*          1    00007500    00000032     UNINITIALIZED
                  00007500    00000032     DSP28_GlobalVariableDefs.obj (EvbRegsFile)

ScibRegsFile 
*          1    00007750    00000010     UNINITIALIZED
                  00007750    00000010     DSP28_GlobalVariableDefs.obj (ScibRegsFile)

McbspaRegsFile 
*          1    00007800    00000025     UNINITIALIZED
                  00007800    00000025     DSP28_GlobalVariableDefs.obj (McbspaRegsFile)

.ebss      1    00008000    000002e4     UNINITIALIZED
                  00008000    000002e4     GPIOLed01.obj (.ebss)

.bss       1    000083e4    0000009c     UNINITIALIZED
                  000083e4    00000004     rts2800_fl040830.lib : _lock.obj (.bss)
                  000083e8    00000018     --HOLE--
                  00008400    00000080                          : exit.obj (.bss)

CsmPwlFile 
*          1    003f7ff8    00000008     UNINITIALIZED
                  003f7ff8    00000008     DSP28_GlobalVariableDefs.obj (CsmPwlFile)


GLOBAL SYMBOLS: SORTED ALPHABETICALLY BY Name 

address    name
--------   ----
000083e4   .bss
003f6000   .text
003f64ce   C$$EXIT
003f6301   _ADCINT_ISR
00007100   _AdcRegs
003f634c   _CAPINT1_ISR
003f6351   _CAPINT2_ISR
003f6356   _CAPINT3_ISR
003f6397   _CAPINT4_ISR
003f639c   _CAPINT5_ISR
003f63a1   _CAPINT6_ISR
003f6315   _CMP1INT_ISR
003f631a   _CMP2INT_ISR
003f631f   _CMP3INT_ISR
003f6360   _CMP4INT_ISR
003f6365   _CMP5INT_ISR
003f636a   _CMP6INT_ISR
00000c00   _CpuTimer0Regs
00000c08   _CpuTimer1Regs
00000c10   _CpuTimer2Regs
003f7ff8   _CsmPwl
00000ae0   _CsmRegs
003f62b1   _DATALOG_ISR
003f6121   _DataParse
003f60b0   _DelaySec
00000880   _DevEmuRegs
003f63ce   _ECAN0INTA_ISR
003f63d3   _ECAN1INTA_ISR
00006100   _ECanaMboxes
00006000   _ECanaRegs
003f62bb   _EMUINT_ISR
00007400   _EvaRegs
00007500   _EvbRegs
00000a80   _FlashRegs
000070e0   _GpioDataRegs
000070c0   _GpioMuxRegs
0000800f   _GsmAtFlag
00008200   _GsmRcv
000081c0   _GsmRcvAt
00008011   _GsmRcvCnt
003f62c0   _ILLEGAL_ISR
003f6298   _INT13_ISR
003f629d   _INT14_ISR
003f6558   _InitGpio
003f6580   _InitPeripherals
003f6517   _InitPieCtrl
003f6538   _InitPieVectTable
003f644c   _InitSci
003f64ed   _InitSysCtrl
00008080   _JD
0000800e   _JD_a
00008240   _JW
003f63a6   _MRINTA_ISR
003f63ab   _MXINTA_ISR
00007800   _McbspaRegs
003f62a2   _NMI_ISR
003f6310   _PDPINTA_ISR
003f635b   _PDPINTB_ISR
003f63d8   _PIE_RESERVED
00000ce0   _PieCtrl
00000d00   _PieVectTable
000082e4   _PieVectTableInit
003f62b6   _RTOSINT_ISR
00008006   _R_close
003f6255   _Receive
003f63ba   _SCIRXINTA_ISR
003f63c4   _SCIRXINTB_ISR
003f63bf   _SCITXINTA_ISR
003f63c9   _SCITXINTB_ISR
003f63b0   _SPIRXINTA_ISR
003f63b5   _SPITXINTA_ISR
00008280   _Sci_VarRx
00007050   _SciaRegs
003f6493   _SciaRx_Ready
003f6477   _SciaTx_Ready
00007750   _ScibRegs
003f64a1   _ScibRx_Ready
003f6485   _ScibTx_Ready
00008014   _Send_Flag
00007040   _SpiaRegs
00007010   _SysCtrlRegs
003f6329   _T1CINT_ISR
003f6333   _T1OFINT_ISR
003f6324   _T1PINT_ISR
003f632e   _T1UFINT_ISR
003f633d   _T2CINT_ISR
003f6347   _T2OFINT_ISR
003f6338   _T2PINT_ISR
003f6342   _T2UFINT_ISR
003f6374   _T3CINT_ISR
003f637e   _T3OFINT_ISR
003f636f   _T3PINT_ISR
003f6379   _T3UFINT_ISR
003f6388   _T4CINT_ISR
003f6392   _T4OFINT_ISR
003f6383   _T4PINT_ISR
003f638d   _T4UFINT_ISR
003f6306   _TINT0_ISR
00008001   _T_close
003f62c5   _USER0_ISR
003f62f7   _USER10_ISR
003f62fc   _USER11_ISR
003f62ca   _USER1_ISR
003f62cf   _USER2_ISR
003f62d4   _USER3_ISR
003f62d9   _USER4_ISR
003f62de   _USER5_ISR
003f62e3   _USER6_ISR
003f62e8   _USER7_ISR
003f62ed   _USER8_ISR
003f62f2   _USER9_ISR
003f60c5   _Uart1Send
003f60d4   _Uart1Sends
003f60ec   _Uart2Send
003f60fb   _Uart2Sends
003f630b   _WAKEINT_ISR
00008063   _WD
00008009   _WD_a
003f62a7   _XINT1_ISR
003f62ac   _XINT2_ISR
00007070   _XIntruptRegs
00000b20   _XintfRegs
00000320   __STACK_END
00000320   __STACK_SIZE
ffffffff   ___binit__
000083e4   ___bss__
ffffffff   ___c_args__
003d8000   ___cinit__
00008480   ___end__
003f6583   ___etext__
ffffffff   ___pinit__
003f6000   ___text__
003f4000   __c_load
00008404   __cleanup_ptr
00000000   __const_length
00008000   __const_run
00008402   __dtors_ptr
003f4000   __ec_load
00000100   __econst_length
000082e4   __econst_run
000083e6   __lock
003f6579   __nop
003f657a   __register_lock
003f657d   __register_unlock
000083e4   __unlock
003f64ec   _abort
00008024   _angle
003f64d0   _atexit
0000800c   _buf_full
0000800d   _byte_count
003f63e2   _c_int00
0000802e   _cmd
00008004   _cmd_number
00008038   _date
00008008   _dot_count
003f64af   _exit
00008003   _flag_data
00008000   _flag_rec
00008046   _high
00008016   _i
00008013   _jd_last_flag
00008140   _jingwei
0000800a   _lock
003f6000   _main
00008005   _mode
00008002   _num_rec
0000801b   _res1
00008021   _res2
0000806e   _res3
00008052   _res4
003f63dd   _rsvd_ISR
00008012   _samp
00008007   _seg_count
0000805a   _sms_text1
00008180   _sms_text10
000080a5   _sms_text11
000080ef   _sms_text12
00008098   _sms_text13
0000801e   _sms_text14
00008029   _sms_text2
000080cf   _sms_text3
0000808c   _sms_text4
00008112   _sms_text5
000080b2   _sms_text6
000080df   _sms_text7
00008100   _sms_text8
000080c0   _sms_text9
00008033   _speed
003f656a   _strstr
00008040   _time
0000804c   _time1
0000800b   _tmp
00008010   _tmp_B
00008017   _total_sat
00008019   _use_sat
003f6113   _wait4
00008015   _wd_last_flag
ffffffff   binit
003d8000   cinit
00008480   end
003f6583   etext
ffffffff   pinit


GLOBAL SYMBOLS: SORTED BY Symbol Address 

address    name
--------   ----
00000000   __const_length
00000100   __econst_length
00000320   __STACK_END
00000320   __STACK_SIZE
00000880   _DevEmuRegs
00000a80   _FlashRegs
00000ae0   _CsmRegs
00000b20   _XintfRegs
00000c00   _CpuTimer0Regs
00000c08   _CpuTimer1Regs
00000c10   _CpuTimer2Regs
00000ce0   _PieCtrl
00000d00   _PieVectTable
00006000   _ECanaRegs
00006100   _ECanaMboxes
00007010   _SysCtrlRegs
00007040   _SpiaRegs
00007050   _SciaRegs
00007070   _XIntruptRegs
000070c0   _GpioMuxRegs
000070e0   _GpioDataRegs
00007100   _AdcRegs
00007400   _EvaRegs
00007500   _EvbRegs
00007750   _ScibRegs
00007800   _McbspaRegs
00008000   __const_run
00008000   _flag_rec
00008001   _T_close
00008002   _num_rec
00008003   _flag_data
00008004   _cmd_number
00008005   _mode
00008006   _R_close
00008007   _seg_count
00008008   _dot_count
00008009   _WD_a
0000800a   _lock
0000800b   _tmp
0000800c   _buf_full
0000800d   _byte_count
0000800e   _JD_a
0000800f   _GsmAtFlag
00008010   _tmp_B
00008011   _GsmRcvCnt
00008012   _samp
00008013   _jd_last_flag
00008014   _Send_Flag
00008015   _wd_last_flag
00008016   _i
00008017   _total_sat
00008019   _use_sat
0000801b   _res1
0000801e   _sms_text14
00008021   _res2
00008024   _angle
00008029   _sms_text2
0000802e   _cmd
00008033   _speed
00008038   _date
00008040   _time
00008046   _high
0000804c   _time1
00008052   _res4
0000805a   _sms_text1
00008063   _WD
0000806e   _res3
00008080   _JD
0000808c   _sms_text4
00008098   _sms_text13
000080a5   _sms_text11
000080b2   _sms_text6
000080c0   _sms_text9
000080cf   _sms_text3
000080df   _sms_text7
000080ef   _sms_text12
00008100   _sms_text8
00008112   _sms_text5
00008140   _jingwei
00008180   _sms_text10
000081c0   _GsmRcvAt
00008200   _GsmRcv
00008240   _JW
00008280   _Sci_VarRx
000082e4   _PieVectTableInit
000082e4   __econst_run
000083e4   .bss
000083e4   ___bss__
000083e4   __unlock
000083e6   __lock
00008402   __dtors_ptr
00008404   __cleanup_ptr
00008480   ___end__
00008480   end
003d8000   ___cinit__
003d8000   cinit
003f4000   __c_load
003f4000   __ec_load
003f6000   .text
003f6000   ___text__
003f6000   _main
003f60b0   _DelaySec
003f60c5   _Uart1Send
003f60d4   _Uart1Sends
003f60ec   _Uart2Send
003f60fb   _Uart2Sends
003f6113   _wait4
003f6121   _DataParse
003f6255   _Receive
003f6298   _INT13_ISR
003f629d   _INT14_ISR
003f62a2   _NMI_ISR
003f62a7   _XINT1_ISR
003f62ac   _XINT2_ISR
003f62b1   _DATALOG_ISR
003f62b6   _RTOSINT_ISR
003f62bb   _EMUINT_ISR
003f62c0   _ILLEGAL_ISR
003f62c5   _USER0_ISR
003f62ca   _USER1_ISR
003f62cf   _USER2_ISR
003f62d4   _USER3_ISR
003f62d9   _USER4_ISR
003f62de   _USER5_ISR
003f62e3   _USER6_ISR
003f62e8   _USER7_ISR
003f62ed   _USER8_ISR
003f62f2   _USER9_ISR
003f62f7   _USER10_ISR
003f62fc   _USER11_ISR
003f6301   _ADCINT_ISR
003f6306   _TINT0_ISR
003f630b   _WAKEINT_ISR
003f6310   _PDPINTA_ISR
003f6315   _CMP1INT_ISR
003f631a   _CMP2INT_ISR
003f631f   _CMP3INT_ISR
003f6324   _T1PINT_ISR
003f6329   _T1CINT_ISR
003f632e   _T1UFINT_ISR
003f6333   _T1OFINT_ISR
003f6338   _T2PINT_ISR
003f633d   _T2CINT_ISR
003f6342   _T2UFINT_ISR
003f6347   _T2OFINT_ISR
003f634c   _CAPINT1_ISR
003f6351   _CAPINT2_ISR
003f6356   _CAPINT3_ISR
003f635b   _PDPINTB_ISR
003f6360   _CMP4INT_ISR
003f6365   _CMP5INT_ISR
003f636a   _CMP6INT_ISR
003f636f   _T3PINT_ISR
003f6374   _T3CINT_ISR
003f6379   _T3UFINT_ISR
003f637e   _T3OFINT_ISR
003f6383   _T4PINT_ISR
003f6388   _T4CINT_ISR
003f638d   _T4UFINT_ISR
003f6392   _T4OFINT_ISR
003f6397   _CAPINT4_ISR
003f639c   _CAPINT5_ISR
003f63a1   _CAPINT6_ISR
003f63a6   _MRINTA_ISR
003f63ab   _MXINTA_ISR
003f63b0   _SPIRXINTA_ISR
003f63b5   _SPITXINTA_ISR
003f63ba   _SCIRXINTA_ISR
003f63bf   _SCITXINTA_ISR
003f63c4   _SCIRXINTB_ISR
003f63c9   _SCITXINTB_ISR
003f63ce   _ECAN0INTA_ISR
003f63d3   _ECAN1INTA_ISR
003f63d8   _PIE_RESERVED
003f63dd   _rsvd_ISR
003f63e2   _c_int00
003f644c   _InitSci
003f6477   _SciaTx_Ready
003f6485   _ScibTx_Ready
003f6493   _SciaRx_Ready
003f64a1   _ScibRx_Ready
003f64af   _exit
003f64ce   C$$EXIT
003f64d0   _atexit
003f64ec   _abort
003f64ed   _InitSysCtrl
003f6517   _InitPieCtrl
003f6538   _InitPieVectTable
003f6558   _InitGpio
003f656a   _strstr
003f6579   __nop
003f657a   __register_lock
003f657d   __register_unlock
003f6580   _InitPeripherals
003f6583   ___etext__
003f6583   etext
003f7ff8   _CsmPwl
ffffffff   ___binit__
ffffffff   ___c_args__
ffffffff   ___pinit__
ffffffff   binit
ffffffff   pinit

[202 symbols]
